MAP
NAME imageMapFile     
STATUS ON
SIZE 600 360
EXTENT -77.6233520507812 39.4602546691895 -77.4980239868164 39.6502532958984
UNITS DD
SHAPEPATH "data"  
IMAGECOLOR 255 255 255
PROJECTION
  "proj=latlong"
END
FONTSET fonts.txt
DEBUG ON
CONFIG "MS_ERRORFILE" "/tmp/mapserver.log"

#OUTPUTFORMAT
# NAME 'AGG'
# DRIVER AGG/PNG
# IMAGEMODE RGB
#END

SYMBOL
  NAME "triangle"
  TYPE vector
  POINTS
    0 4
    2 0
    4 4
    0 4
  END
END

SYMBOL
  NAME "rectangle"
  TYPE vector
  POINTS    
    0 0
    0 3
    3 3
    3 0
    0 0
  END
  FILLED TRUE
END

SYMBOL
  NAME "foursquare"
  TYPE vector
  POINTS    
    0 0
    0 4
    4 4
    4 0
    0 0
   -4 0
  END
  FILLED TRUE
END

SYMBOL
  NAME 'circle'
  TYPE ELLIPSE
  POINTS 1 1 END
  FILLED TRUE
END

QUERYMAP
 STATUS ON
 STYLE NORMAL
END

WEB
   IMAGEPATH "/var/www/html/wooommdev/nhdplus/maps/"
   IMAGEURL "/wooommdev/nhdplus/maps/"
   TEMPLATE "map.html"
END   

LAYER
   CONNECTIONTYPE postgis
   CONNECTION "host=localhost user=postgres password=314159 dbname=va_hydro"
   NAME nhd_fulldrainage
   GROUP nhd_fulldrainage
   TYPE POLYGON
   STATUS ON
   DEBUG ON
   DATA "shape FROM (select a.the_geom AS shape, a.comid, gid as oid from nhd_fulldrainage as a) AS foo USING UNIQUE oid using SRID=4269 "
   #FILTER "comid in (%comid%) OR ('%comid%' = '')"
   #FILTER "comid in (-88888)"
   FILTER "comid in (4505206)"
   TEMPLATE "bodytemplate.html"
   HEADER "imap_html_header.html"
   FOOTER "imap_html_footer.html"
   #MINSCALE 1000
   #MAXSCALE 50000
   CLASS
      NAME "nhd_fulldrainage"
      SYMBOL 'circle'
      SIZE 3
      COLOR -1 -1 -1
      BACKGROUNDCOLOR 0 0 0
      OUTLINECOLOR 0 0 0
   END
   TOLERANCE 10
   PROJECTION
   # EPSG SRID = 4326
     "proj=latlong"
   END
  METADATA
    "DESCRIPTION"   "Stat Results"
  END
END

END  
